PASS strict UTF-8 and Unicode audit: 34 source/note files, 741337 lines; font support is checked separately on Android
PASS prefix-index parity: 768 generated queries against frozen full-sort reference
PASS exact context-boundary score differences across 171708 source reading rows, Unicode and binary paths
PASS source-backed partial depth: 96 alternatives at seven full/initial/mixed spellings
PASS stored prefix phrases: full/initial/mixed, separators, later typo, long suffix, privacy, binary and stale selections
PASS reading evidence: source-unit, flat-prefix, all packs, binary/copy parity and English completion
PASS candidate font capability: order, raw recovery, Space, prefix taps, paired forms and queued acceptance
PASS raw/lexical identity, paired tap/hold/Space, raw recovery and language isolation
PASS explicit mode isolation, composition, callback, learning and acceptance boundaries
PASS English context: all modes, casing, completion, contraction, privacy, literal/direct fields and lifecycle boundaries
PASS completion boundary: mixed acceptance, punctuation, edits, foreign provenance and async Space
PASS first-glyph recovery: 424 syllables, 848 privacy episodes, 456 repeated prefix selections, complete homophones and binary parity
PASS dedicated language priority, matching, fallback, overrides and acceptance
PASS Japanese characters: 228 kana source aliases, bounded lookup, source frequency and mode isolation
PASS Japanese kana differential probes=24989; acceptance, suffix and mode isolation
PASS optional Japanese conversion eligibility, fallback, cancellation and acceptance
PASS prefix acceptance: 14056 source-derived casing/privacy controls plus malformed provider spans
PASS paired output, shared partial matching, source isolation, stale and queued acceptance
Dictionary startup 14744 ms
PASS corpus A
PASS corpus B
PASS corpus C
PASS corpus D
PASS corpus meeting-transition
PASS corpus technical
PASS corpus url
PASS corpus email
PASS corpus code
PASS corpus literal
PASS corpus zhuyin-A
PASS corpus zhuyin-transition
PASS corpus zhuyin-construction-choice
PASS Chinese alternative priority, English context, raw acceptance, privacy and mode boundaries
Pinyin continuity: 411 frozen full/initial/mixed inputs, immediate and out-of-order callbacks
PASS add-ons: 96 source-derived composition probes; bounded repeated learning and privacy
PASS apostrophes: 1243 source pairs; 48 keys in both modes and three casing styles; 727 valid spellings; 52 source-annotated contractions
PASS 887638 assertions; desktop key processing p50=0.02 ms p95=0.36 ms max=21.21 ms (114583 keys; not Android latency)
